// Vitest Snapshot v1, https://vitest.dev/guide/snapshot.html

exports[`PlatformManifestService > generates the required app stack fields in stable service order 1`] = `
"domain:
  preview: hello-universe.preview.example.com
  production: hello-universe.example.com
environments:
  preview:
    branch: preview
  production:
    branch: main
name: hello-universe
owner: platform-engineering
resources:
  - postgresql
  - redis
schemaVersion: "1"
services:
  - auth
  - email
stack: app
"
`;

exports[`PlatformManifestService > generates the static stack shape without app-only fields 1`] = `
"domain:
  preview: marketing-site.preview.example.com
  production: marketing-site.example.com
environments:
  preview:
    branch: preview
  production:
    branch: main
name: marketing-site
schemaVersion: "1"
stack: static
"
`;
